package/.editorconfig
package/test/resolver/symlinked/_/symlink_target/.gitkeep
package/.gitmodules
package/LICENSE
package/bin/resolve
package/test/resolver/cup.coffee
package/test/resolver/mug.coffee
package/test/resolver/browser_field/a.js
package/test/precedence/aaa.js
package/async.js
package/example/async.js
package/lib/async.js
package/test/resolver/nested_symlinks/mylib/async.js
package/test/resolver/browser_field/b.js
package/test/resolver/symlinked/package/bar.js
package/test/precedence/bbb.js
package/lib/caller.js
package/test/resolver/baz/doom.js
package/test/dotdot.js
package/test/exports_sync.js
package/lib/exports-resolve.js
package/test/exports.js
package/test/faulty_basedir.js
package/test/filter_sync.js
package/test/filter.js
package/test/resolver/foo.js
package/test/resolver/same_names/foo.js
package/test/resolver/symlinked/_/node_modules/foo.js
package/lib/get-exports-category.js
package/test/home_paths_sync.js
package/test/home_paths.js
package/lib/homedir.js
package/index.js
package/test/dotdot/abc/index.js
package/test/dotdot/index.js
package/test/module_dir/xmodules/aaa/index.js
package/test/module_dir/ymodules/aaa/index.js
package/test/node_path/x/aaa/index.js
package/test/node_path/x/ccc/index.js
package/test/node_path/y/bbb/index.js
package/test/node_path/y/ccc/index.js
package/test/precedence/aaa/index.js
package/test/resolver/dot_main/index.js
package/test/resolver/dot_slash_main/index.js
package/test/resolver/empty_main/index.js
package/test/resolver/false_main/index.js
package/test/resolver/incorrect_main/index.js
package/test/resolver/missing_main/index.js
package/test/resolver/multirepo/packages/package-a/index.js
package/test/resolver/multirepo/packages/package-b/index.js
package/test/resolver/null_main/index.js
package/test/resolver/quux/foo/index.js
package/test/resolver/same_names/foo/index.js
package/test/shadowed_core/node_modules/util/index.js
package/test/module_dir/zmodules/bbb/main.js
package/test/pathfilter/deep_ref/main.js
package/test/precedence/aaa/main.js
package/test/precedence/bbb/main.js
package/test/resolver/without_basedir/main.js
package/test/mock_sync.js
package/test/mock.js
package/test/module_dir.js
package/test/resolver/mug.js
package/test/node_path.js
package/lib/node-modules-paths.js
package/test/node-modules-paths.js
package/test/nonstring.js
package/lib/normalize-options.js
package/test/resolver/other_path/lib/other-lib.js
package/lib/parse-package-specifier.js
package/test/pathfilter_sync.js
package/test/pathfilter.js
package/test/precedence.js
package/test/resolver/baz/quux.js
package/test/resolver_sync.js
package/test/resolver.js
package/test/resolver/other_path/root.js
package/lib/select-most-restrictive.js
package/test/shadowed_core.js
package/test/subdirs.js
package/test/symlinks.js
package/example/sync.js
package/lib/sync.js
package/sync.js
package/test/resolver/nested_symlinks/mylib/sync.js
package/test/resolver/multirepo/lerna.json
package/package.json
package/test/module_dir/zmodules/bbb/package.json
package/test/resolver/baz/package.json
package/test/resolver/browser_field/package.json
package/test/resolver/dot_main/package.json
package/test/resolver/dot_slash_main/package.json
package/test/resolver/empty_main/package.json
package/test/resolver/false_main/package.json
package/test/resolver/incorrect_main/package.json
package/test/resolver/invalid_main/package.json
package/test/resolver/missing_index/package.json
package/test/resolver/missing_main/package.json
package/test/resolver/multirepo/package.json
package/test/resolver/multirepo/packages/package-a/package.json
package/test/resolver/multirepo/packages/package-b/package.json
package/test/resolver/nested_symlinks/mylib/package.json
package/test/resolver/null_main/package.json
package/test/resolver/symlinked/package/package.json
package/.claude/settings.local.json
package/readme.markdown
package/.github/INCIDENT_RESPONSE_PROCESS.md
package/SECURITY.md
package/.github/THREAT_MODEL.md
package/eslint.config.mjs
package/index.mjs
package/.github/FUNDING.yml
