package/.nycrc
package/LICENSE
package/perf/basic/escaping.coffee
package/perf/index.coffee
package/perf/basic/object.coffee
package/lib/Derivation.js
package/lib/DocumentPosition.js
package/lib/index.js
package/lib/NodeType.js
package/lib/OperationType.js
package/lib/Utility.js
package/lib/WriterState.js
package/lib/XMLAttribute.js
package/lib/XMLCData.js
package/lib/XMLCharacterData.js
package/lib/XMLComment.js
package/lib/XMLDeclaration.js
package/lib/XMLDocType.js
package/lib/XMLDocument.js
package/lib/XMLDocumentCB.js
package/lib/XMLDocumentFragment.js
package/lib/XMLDOMConfiguration.js
package/lib/XMLDOMErrorHandler.js
package/lib/XMLDOMImplementation.js
package/lib/XMLDOMStringList.js
package/lib/XMLDTDAttList.js
package/lib/XMLDTDElement.js
package/lib/XMLDTDEntity.js
package/lib/XMLDTDNotation.js
package/lib/XMLDummy.js
package/lib/XMLElement.js
package/lib/XMLNamedNodeMap.js
package/lib/XMLNode.js
package/lib/XMLNodeFilter.js
package/lib/XMLNodeList.js
package/lib/XMLProcessingInstruction.js
package/lib/XMLRaw.js
package/lib/XMLStreamWriter.js
package/lib/XMLStringifier.js
package/lib/XMLStringWriter.js
package/lib/XMLText.js
package/lib/XMLTypeInfo.js
package/lib/XMLUserDataHandler.js
package/lib/XMLWriterBase.js
package/.vscode/launch.json
package/package.json
package/perf/perf.list
package/CHANGELOG.md
package/README.md
package/typings/index.d.ts
